c:\users\ratat\onedrive\desktop\graphics\glproj1\glproj1\x64\debug\vc143.pdb
c:\users\ratat\onedrive\desktop\graphics\glproj1\glproj1\x64\debug\vc143.idb
c:\users\ratat\onedrive\desktop\graphics\glproj1\glproj1\x64\debug\textrenderer.obj
c:\users\ratat\onedrive\desktop\graphics\glproj1\glproj1\x64\debug\stb_image.obj
c:\users\ratat\onedrive\desktop\graphics\glproj1\glproj1\x64\debug\main.obj
c:\users\ratat\onedrive\desktop\graphics\glproj1\glproj1\x64\debug\collision.obj
c:\users\ratat\onedrive\desktop\graphics\glproj1\glproj1\x64\debug\glad.obj
c:\users\ratat\onedrive\desktop\graphics\glproj1\x64\debug\concrt140d.dll
c:\users\ratat\onedrive\desktop\graphics\glproj1\x64\debug\msvcp140d.dll
c:\users\ratat\onedrive\desktop\graphics\glproj1\x64\debug\msvcp140d_atomic_wait.dll
c:\users\ratat\onedrive\desktop\graphics\glproj1\x64\debug\msvcp140d_codecvt_ids.dll
c:\users\ratat\onedrive\desktop\graphics\glproj1\x64\debug\msvcp140_1d.dll
c:\users\ratat\onedrive\desktop\graphics\glproj1\x64\debug\msvcp140_2d.dll
c:\users\ratat\onedrive\desktop\graphics\glproj1\x64\debug\vccorlib140d.dll
c:\users\ratat\onedrive\desktop\graphics\glproj1\x64\debug\vcruntime140d.dll
c:\users\ratat\onedrive\desktop\graphics\glproj1\x64\debug\vcruntime140_1d.dll
c:\users\ratat\onedrive\desktop\graphics\glproj1\x64\debug\vcruntime140_threadsd.dll
c:\users\ratat\onedrive\desktop\graphics\glproj1\x64\debug\vcamp140d.dll
c:\users\ratat\onedrive\desktop\graphics\glproj1\x64\debug\vcomp140d.dll
c:\users\ratat\onedrive\desktop\graphics\glproj1\x64\debug\libomp140.x86_64.dll
c:\users\ratat\onedrive\desktop\graphics\glproj1\x64\debug\libomp140d.x86_64.dll
c:\users\ratat\onedrive\desktop\graphics\glproj1\x64\debug\ucrtbased.dll
c:\users\ratat\onedrive\desktop\graphics\glproj1\x64\debug\poly2tri.dll
c:\users\ratat\onedrive\desktop\graphics\glproj1\x64\debug\minizip.dll
c:\users\ratat\onedrive\desktop\graphics\glproj1\x64\debug\zlibd1.dll
c:\users\ratat\onedrive\desktop\graphics\glproj1\x64\debug\pugixml.dll
c:\users\ratat\onedrive\desktop\graphics\glproj1\x64\debug\brotlidec.dll
c:\users\ratat\onedrive\desktop\graphics\glproj1\x64\debug\brotlicommon.dll
c:\users\ratat\onedrive\desktop\graphics\glproj1\x64\debug\glproj1.exe
c:\users\ratat\onedrive\desktop\graphics\glproj1\x64\debug\glproj1.pdb
c:\users\ratat\onedrive\desktop\graphics\glproj1\glproj1\x64\debug\glproj1.ilk
c:\users\ratat\onedrive\desktop\graphics\glproj1\glproj1\x64\debug\glproj1.tlog\cl.command.1.tlog
c:\users\ratat\onedrive\desktop\graphics\glproj1\glproj1\x64\debug\glproj1.tlog\cl.items.tlog
c:\users\ratat\onedrive\desktop\graphics\glproj1\glproj1\x64\debug\glproj1.tlog\cl.read.1.tlog
c:\users\ratat\onedrive\desktop\graphics\glproj1\glproj1\x64\debug\glproj1.tlog\cl.write.1.tlog
c:\users\ratat\onedrive\desktop\graphics\glproj1\glproj1\x64\debug\glproj1.tlog\copylocal.read.1u.tlog
c:\users\ratat\onedrive\desktop\graphics\glproj1\glproj1\x64\debug\glproj1.tlog\copylocal.write.1u.tlog
c:\users\ratat\onedrive\desktop\graphics\glproj1\glproj1\x64\debug\glproj1.tlog\glproj1.write.1u.tlog
c:\users\ratat\onedrive\desktop\graphics\glproj1\glproj1\x64\debug\glproj1.tlog\link.command.1.tlog
c:\users\ratat\onedrive\desktop\graphics\glproj1\glproj1\x64\debug\glproj1.tlog\link.read.1.tlog
c:\users\ratat\onedrive\desktop\graphics\glproj1\glproj1\x64\debug\glproj1.tlog\link.secondary.1.tlog
c:\users\ratat\onedrive\desktop\graphics\glproj1\glproj1\x64\debug\glproj1.tlog\link.write.1.tlog
